// Jest Snapshot v1, https://goo.gl/fbAQLP

exports[`calculateRates Calculate rates based at it values 1`] = `
Object {
  "AUD": 14.48038176,
  "BGN": 17.2834924,
  "BRL": 38.314775539,
  "CAD": 13.191940615,
  "CHF": 9.815305762,
  "CNY": 68.74513962500001,
  "CZK": 226.307882644,
  "DKK": 65.974726052,
  "EUR": 8.837044892,
  "GBP": 7.902527395,
  "HKD": 78.140685755,
  "HRK": 65.405620361,
  "HUF": 2862.937433722,
  "IDR": 141277.83669141,
  "ILS": 36.041887593,
  "INR": 695.462177448,
  "ISK": 1250.441852245,
  "JPY": 1074.938140686,
  "KRW": 11615.500176741,
  "MXN": 190.613290916,
  "MYR": 41.535878402,
  "NOK": 85.595616826,
  "NZD": 15.253623188,
  "PHP": 514.784376105,
  "PLN": 37.631671969,
  "RON": 41.745316366000004,
  "RUB": 632.017497349,
  "SEK": 93.94485684,
  "SGD": 13.575468363,
  "THB": 308.050547897,
  "TRY": 58.153057618000005,
  "USD": 10,
  "ZAR": 143.317426653,
}
`;
